// Jest Snapshot v1, https://goo.gl/fbAQLP

exports[`<Modal /> should render a modal correctly 1`] = `
<Modal
  exitModal={[MockFunction]}
  title="New Modal"
  toggle={false}
>
  <Portal>
    <Portal
      containerInfo={
        <div
          id="app"
        >
          <div
            class="modal flex"
          >
            <div
              class="modal-container text-center relative justify-center items-center"
            >
              <div
                class="absolute modal-exit bg-white rounded-full py-1 px-3 shadow-lg cursor-pointer flex hover:bg-gray-300"
                role="presentation"
              >
                <span
                  class="icon ion-md-cancel"
                >
                  x
                </span>
              </div>
              <div
                class="modal_title"
              >
                <h2
                  class="text-normal font-bold text-xl"
                >
                  New Modal
                </h2>
              </div>
              <div
                class="modal_body"
              >
                <h1>
                  Hello World
                </h1>
              </div>
            </div>
          </div>
        </div>
      }
    >
      <div
        className="modal flex"
      >
        <div
          className="modal-container text-center relative justify-center items-center"
        >
          <div
            className="absolute modal-exit bg-white rounded-full py-1 px-3 shadow-lg cursor-pointer flex hover:bg-gray-300"
            onClick={[MockFunction]}
            role="presentation"
          >
            <span
              className="icon ion-md-cancel"
            >
              x
            </span>
          </div>
          <div
            className="modal_title"
          >
            <h2
              className="text-normal font-bold text-xl"
            >
              New Modal
            </h2>
          </div>
          <div
            className="modal_body"
          >
            <h1>
              Hello World
            </h1>
          </div>
        </div>
      </div>
    </Portal>
  </Portal>
</Modal>
`;
