// Jest Snapshot v1, https://goo.gl/fbAQLP

exports[`<NavBar /> should render the NavBar component correctly 1`] = `
<div
  className="border-radius-none bg-blue-700"
>
  <div
    className="container mx-auto overflow-y-scroll"
  >
    <div
      className="flex items-center justify-left text-white h-full"
    >
      <ul>
        <li
          className="flex items-center text-gray-400 h-12 text-sm uppercase capitalize"
        >
          <div
            className="active mx-3 text-white"
            to="/"
          >
            Home
          </div>
          <div
            className="mx-3"
          >
            Family
          </div>
          <div
            className="mx-3"
          >
            Andela
          </div>
          <div
            className="mx-3"
          >
            People
          </div>
        </li>
      </ul>
    </div>
  </div>
</div>
`;
