// Jest Snapshot v1, https://goo.gl/fbAQLP

exports[`Routes should render the Routes component correctly 1`] = `
<BrowserRouter>
  <Switch>
    <Route
      component={
        Object {
          "$$typeof": Symbol(react.memo),
          "WrappedComponent": [Function],
          "compare": null,
          "displayName": "Connect(Connect(Home))",
          "type": [Function],
        }
      }
      exact={true}
      path="/"
    />
    <Route
      component={
        Object {
          "$$typeof": Symbol(react.memo),
          "WrappedComponent": [Function],
          "compare": null,
          "displayName": "Connect(Authenticator)",
          "type": [Function],
        }
      }
      exact={true}
      path="/new-article"
    />
    <Route
      component={
        Object {
          "$$typeof": Symbol(react.memo),
          "WrappedComponent": [Function],
          "compare": null,
          "displayName": "Connect(SingleArticle)",
          "type": [Function],
        }
      }
      exact={true}
      path="/article/:articleId"
    />
    <Route
      component={
        Object {
          "$$typeof": Symbol(react.memo),
          "WrappedComponent": [Function],
          "compare": null,
          "displayName": "Connect(AuthorizeArticle)",
          "type": [Function],
        }
      }
      exact={true}
      path="/article/:articleId/edit"
    />
    <Route
      component={[Function]}
      exact={true}
      path="/*"
    />
  </Switch>
</BrowserRouter>
`;
